// Vitest Snapshot v1, https://vitest.dev/guide/snapshot.html

exports[`works 1`] = `
{
  "\\C": "\\mathbb{C}",
  "\\Img": "\\operatorname{Im}",
  "\\Ker": "\\operatorname{Ker}",
  "\\N": "\\mathbb{N}",
  "\\Q": "\\mathbb{Q}",
  "\\R": "\\mathbb{R}",
  "\\Tr": "\\operatorname{Tr}",
  "\\Z": "\\mathbb{Z}",
  "\\abs": "\\@ifstar\\abs@star\\abs@nostar",
  "\\abs@nostar": "\\lvert #1 \\rvert",
  "\\abs@star": "\\left\\lvert #1 \\right\\rvert",
  "\\argmax": "\\operatorname*{arg\\,max}",
  "\\argmin": "\\operatorname*{arg\\,min}",
  "\\epsilon": "\\varepsilon",
  "\\hat": "\\widehat",
  "\\norm": "\\@ifstar\\norm@star\\norm@nostar",
  "\\norm@nostar": "\\lVert #1 \\rVert",
  "\\norm@star": "\\left\\lVert #1 \\right\\rVert",
  "\\rank": "\\operatorname{rank}",
  "\\set": "\\@ifstar\\set@star\\set@nostar",
  "\\set@nostar": "\\{ #1 \\}",
  "\\set@star": "\\left\\{ #1 \\right\\}",
  "\\sign": "\\operatorname{sign}",
  "\\tr": "\\operatorname{tr}",
}
`;
